[2023-05-20T16:33:39.108+0530][gc,init] CardTable entry size: 512
[2023-05-20T16:33:39.108+0530][gc     ] Using G1
[2023-05-20T16:33:39.109+0530][gc,init] Version: 19.0.1+10-21 (release)
[2023-05-20T16:33:39.109+0530][gc,init] CPUs: 8 total, 8 available
[2023-05-20T16:33:39.109+0530][gc,init] Memory: 16384M
[2023-05-20T16:33:39.109+0530][gc,init] Large Page Support: Disabled
[2023-05-20T16:33:39.109+0530][gc,init] NUMA Support: Disabled
[2023-05-20T16:33:39.109+0530][gc,init] Compressed Oops: Enabled (Zero based)
[2023-05-20T16:33:39.109+0530][gc,init] Heap Region Size: 1M
[2023-05-20T16:33:39.109+0530][gc,init] Heap Min Capacity: 1G
[2023-05-20T16:33:39.109+0530][gc,init] Heap Initial Capacity: 1G
[2023-05-20T16:33:39.109+0530][gc,init] Heap Max Capacity: 1G
[2023-05-20T16:33:39.109+0530][gc,init] Pre-touch: Disabled
[2023-05-20T16:33:39.109+0530][gc,init] Parallel Workers: 8
[2023-05-20T16:33:39.109+0530][gc,init] Concurrent Workers: 2
[2023-05-20T16:33:39.109+0530][gc,init] Concurrent Refinement Workers: 8
[2023-05-20T16:33:39.109+0530][gc,init] Periodic GC: Disabled
[2023-05-20T16:33:39.109+0530][gc,metaspace] CDS archive(s) mapped at: [0x0000000800000000-0x0000000800c44000-0x0000000800c44000), size 12861440, SharedBaseAddress: 0x0000000800000000, ArchiveRelocationMode: 0.
[2023-05-20T16:33:39.109+0530][gc,metaspace] Compressed class space mapped at: 0x0000000801000000-0x0000000841000000, reserved size: 1073741824
[2023-05-20T16:33:39.109+0530][gc,metaspace] Narrow klass base: 0x0000000800000000, Narrow klass shift: 0, Narrow klass range: 0x100000000
[2023-05-20T16:33:39.661+0530][gc,start    ] GC(0) Pause Young (Normal) (G1 Evacuation Pause)
[2023-05-20T16:33:39.662+0530][gc,task     ] GC(0) Using 8 workers of 8 for evacuation
[2023-05-20T16:33:39.664+0530][gc,phases   ] GC(0)   Pre Evacuate Collection Set: 0.1ms
[2023-05-20T16:33:39.664+0530][gc,phases   ] GC(0)   Merge Heap Roots: 0.0ms
[2023-05-20T16:33:39.664+0530][gc,phases   ] GC(0)   Evacuate Collection Set: 2.2ms
[2023-05-20T16:33:39.664+0530][gc,phases   ] GC(0)   Post Evacuate Collection Set: 0.3ms
[2023-05-20T16:33:39.664+0530][gc,phases   ] GC(0)   Other: 0.2ms
[2023-05-20T16:33:39.664+0530][gc,heap     ] GC(0) Eden regions: 51->0(44)
[2023-05-20T16:33:39.664+0530][gc,heap     ] GC(0) Survivor regions: 0->7(7)
[2023-05-20T16:33:39.664+0530][gc,heap     ] GC(0) Old regions: 0->1
[2023-05-20T16:33:39.664+0530][gc,heap     ] GC(0) Archive regions: 2->2
[2023-05-20T16:33:39.664+0530][gc,heap     ] GC(0) Humongous regions: 0->0
[2023-05-20T16:33:39.664+0530][gc,metaspace] GC(0) Metaspace: 19011K(19200K)->19011K(19200K) NonClass: 16627K(16704K)->16627K(16704K) Class: 2383K(2496K)->2383K(2496K)
[2023-05-20T16:33:39.664+0530][gc          ] GC(0) Pause Young (Normal) (G1 Evacuation Pause) 51M->8M(1024M) 2.880ms
[2023-05-20T16:33:39.664+0530][gc,cpu      ] GC(0) User=0.02s Sys=0.00s Real=0.00s
[2023-05-20T16:33:39.744+0530][gc,start    ] GC(1) Pause Young (Concurrent Start) (Metadata GC Threshold)
[2023-05-20T16:33:39.744+0530][gc,task     ] GC(1) Using 8 workers of 8 for evacuation
[2023-05-20T16:33:39.747+0530][gc,phases   ] GC(1)   Pre Evacuate Collection Set: 0.1ms
[2023-05-20T16:33:39.747+0530][gc,phases   ] GC(1)   Merge Heap Roots: 0.0ms
[2023-05-20T16:33:39.747+0530][gc,phases   ] GC(1)   Evacuate Collection Set: 2.4ms
[2023-05-20T16:33:39.747+0530][gc,phases   ] GC(1)   Post Evacuate Collection Set: 0.1ms
[2023-05-20T16:33:39.747+0530][gc,phases   ] GC(1)   Other: 0.0ms
[2023-05-20T16:33:39.747+0530][gc,heap     ] GC(1) Eden regions: 9->0(50)
[2023-05-20T16:33:39.747+0530][gc,heap     ] GC(1) Survivor regions: 7->1(7)
[2023-05-20T16:33:39.747+0530][gc,heap     ] GC(1) Old regions: 1->8
[2023-05-20T16:33:39.747+0530][gc,heap     ] GC(1) Archive regions: 2->2
[2023-05-20T16:33:39.747+0530][gc,heap     ] GC(1) Humongous regions: 0->0
[2023-05-20T16:33:39.747+0530][gc,metaspace] GC(1) Metaspace: 21310K(21504K)->21310K(21504K) NonClass: 18603K(18688K)->18603K(18688K) Class: 2707K(2816K)->2707K(2816K)
[2023-05-20T16:33:39.747+0530][gc          ] GC(1) Pause Young (Concurrent Start) (Metadata GC Threshold) 17M->8M(1024M) 2.773ms
[2023-05-20T16:33:39.747+0530][gc          ] GC(2) Concurrent Mark Cycle
[2023-05-20T16:33:39.747+0530][gc,cpu      ] GC(1) User=0.01s Sys=0.00s Real=0.00s
[2023-05-20T16:33:39.747+0530][gc,marking  ] GC(2) Concurrent Clear Claimed Marks
[2023-05-20T16:33:39.747+0530][gc,marking  ] GC(2) Concurrent Clear Claimed Marks 0.012ms
[2023-05-20T16:33:39.747+0530][gc,marking  ] GC(2) Concurrent Scan Root Regions
[2023-05-20T16:33:39.748+0530][gc,marking  ] GC(2) Concurrent Scan Root Regions 1.064ms
[2023-05-20T16:33:39.748+0530][gc,marking  ] GC(2) Concurrent Mark
[2023-05-20T16:33:39.748+0530][gc,marking  ] GC(2) Concurrent Mark From Roots
[2023-05-20T16:33:39.748+0530][gc,task     ] GC(2) Using 2 workers of 2 for marking
[2023-05-20T16:33:39.749+0530][gc,marking  ] GC(2) Concurrent Mark From Roots 1.027ms
[2023-05-20T16:33:39.749+0530][gc,marking  ] GC(2) Concurrent Preclean
[2023-05-20T16:33:39.749+0530][gc,marking  ] GC(2) Concurrent Preclean 0.006ms
[2023-05-20T16:33:39.749+0530][gc,start    ] GC(2) Pause Remark
[2023-05-20T16:33:39.750+0530][gc          ] GC(2) Pause Remark 9M->9M(1024M) 0.699ms
[2023-05-20T16:33:39.750+0530][gc,cpu      ] GC(2) User=0.00s Sys=0.00s Real=0.01s
[2023-05-20T16:33:39.750+0530][gc,marking  ] GC(2) Concurrent Mark 2.187ms
[2023-05-20T16:33:39.750+0530][gc,marking  ] GC(2) Concurrent Rebuild Remembered Sets
[2023-05-20T16:33:39.751+0530][gc,marking  ] GC(2) Concurrent Rebuild Remembered Sets 1.426ms
[2023-05-20T16:33:39.751+0530][gc,start    ] GC(2) Pause Cleanup
[2023-05-20T16:33:39.751+0530][gc          ] GC(2) Pause Cleanup 9M->9M(1024M) 0.061ms
[2023-05-20T16:33:39.751+0530][gc,cpu      ] GC(2) User=0.00s Sys=0.00s Real=0.00s
[2023-05-20T16:33:39.751+0530][gc,marking  ] GC(2) Concurrent Cleanup for Next Mark
[2023-05-20T16:33:39.753+0530][gc,marking  ] GC(2) Concurrent Cleanup for Next Mark 1.152ms
[2023-05-20T16:33:39.753+0530][gc          ] GC(2) Concurrent Mark Cycle 6.177ms
[2023-05-20T16:33:40.012+0530][gc,start    ] GC(3) Pause Young (Normal) (G1 Evacuation Pause)
[2023-05-20T16:33:40.012+0530][gc,task     ] GC(3) Using 8 workers of 8 for evacuation
[2023-05-20T16:33:40.014+0530][gc,phases   ] GC(3)   Pre Evacuate Collection Set: 0.1ms
[2023-05-20T16:33:40.014+0530][gc,phases   ] GC(3)   Merge Heap Roots: 0.0ms
[2023-05-20T16:33:40.014+0530][gc,phases   ] GC(3)   Evacuate Collection Set: 1.7ms
[2023-05-20T16:33:40.014+0530][gc,phases   ] GC(3)   Post Evacuate Collection Set: 0.2ms
[2023-05-20T16:33:40.014+0530][gc,phases   ] GC(3)   Other: 0.0ms
[2023-05-20T16:33:40.014+0530][gc,heap     ] GC(3) Eden regions: 50->0(45)
[2023-05-20T16:33:40.014+0530][gc,heap     ] GC(3) Survivor regions: 1->6(7)
[2023-05-20T16:33:40.014+0530][gc,heap     ] GC(3) Old regions: 8->8
[2023-05-20T16:33:40.014+0530][gc,heap     ] GC(3) Archive regions: 2->2
[2023-05-20T16:33:40.014+0530][gc,heap     ] GC(3) Humongous regions: 129->129
[2023-05-20T16:33:40.014+0530][gc,metaspace] GC(3) Metaspace: 33444K(33728K)->33444K(33728K) NonClass: 29541K(29696K)->29541K(29696K) Class: 3902K(4032K)->3902K(4032K)
[2023-05-20T16:33:40.014+0530][gc          ] GC(3) Pause Young (Normal) (G1 Evacuation Pause) 187M->142M(1024M) 2.159ms
[2023-05-20T16:33:40.014+0530][gc,cpu      ] GC(3) User=0.01s Sys=0.00s Real=0.00s
[2023-05-20T16:34:01.060+0530][gc,start    ] GC(4) Pause Young (Concurrent Start) (Metadata GC Threshold)
[2023-05-20T16:34:01.060+0530][gc,task     ] GC(4) Using 8 workers of 8 for evacuation
[2023-05-20T16:34:01.062+0530][gc,phases   ] GC(4)   Pre Evacuate Collection Set: 0.1ms
[2023-05-20T16:34:01.062+0530][gc,phases   ] GC(4)   Merge Heap Roots: 0.0ms
[2023-05-20T16:34:01.062+0530][gc,phases   ] GC(4)   Evacuate Collection Set: 1.9ms
[2023-05-20T16:34:01.062+0530][gc,phases   ] GC(4)   Post Evacuate Collection Set: 0.2ms
[2023-05-20T16:34:01.062+0530][gc,phases   ] GC(4)   Other: 0.0ms
[2023-05-20T16:34:01.062+0530][gc,heap     ] GC(4) Eden regions: 14->0(50)
[2023-05-20T16:34:01.062+0530][gc,heap     ] GC(4) Survivor regions: 6->1(7)
[2023-05-20T16:34:01.062+0530][gc,heap     ] GC(4) Old regions: 8->13
[2023-05-20T16:34:01.062+0530][gc,heap     ] GC(4) Archive regions: 2->2
[2023-05-20T16:34:01.062+0530][gc,heap     ] GC(4) Humongous regions: 129->129
[2023-05-20T16:34:01.062+0530][gc,metaspace] GC(4) Metaspace: 35834K(36096K)->35834K(36096K) NonClass: 31550K(31680K)->31550K(31680K) Class: 4283K(4416K)->4283K(4416K)
[2023-05-20T16:34:01.062+0530][gc          ] GC(4) Pause Young (Concurrent Start) (Metadata GC Threshold) 156M->143M(1024M) 2.473ms
[2023-05-20T16:34:01.062+0530][gc          ] GC(5) Concurrent Mark Cycle
[2023-05-20T16:34:01.062+0530][gc,cpu      ] GC(4) User=0.02s Sys=0.00s Real=0.00s
[2023-05-20T16:34:01.062+0530][gc,marking  ] GC(5) Concurrent Clear Claimed Marks
[2023-05-20T16:34:01.062+0530][gc,marking  ] GC(5) Concurrent Clear Claimed Marks 0.015ms
[2023-05-20T16:34:01.062+0530][gc,marking  ] GC(5) Concurrent Scan Root Regions
[2023-05-20T16:34:01.064+0530][gc,marking  ] GC(5) Concurrent Scan Root Regions 1.662ms
[2023-05-20T16:34:01.064+0530][gc,marking  ] GC(5) Concurrent Mark
[2023-05-20T16:34:01.064+0530][gc,marking  ] GC(5) Concurrent Mark From Roots
[2023-05-20T16:34:01.064+0530][gc,task     ] GC(5) Using 2 workers of 2 for marking
[2023-05-20T16:34:01.067+0530][gc,marking  ] GC(5) Concurrent Mark From Roots 2.823ms
[2023-05-20T16:34:01.067+0530][gc,marking  ] GC(5) Concurrent Preclean
[2023-05-20T16:34:01.067+0530][gc,marking  ] GC(5) Concurrent Preclean 0.020ms
[2023-05-20T16:34:01.067+0530][gc,start    ] GC(5) Pause Remark
[2023-05-20T16:34:01.068+0530][gc          ] GC(5) Pause Remark 143M->143M(1024M) 0.869ms
[2023-05-20T16:34:01.068+0530][gc,cpu      ] GC(5) User=0.01s Sys=0.00s Real=0.00s
[2023-05-20T16:34:01.068+0530][gc,marking  ] GC(5) Concurrent Mark 3.837ms
[2023-05-20T16:34:01.068+0530][gc,marking  ] GC(5) Concurrent Rebuild Remembered Sets
[2023-05-20T16:34:01.070+0530][gc,marking  ] GC(5) Concurrent Rebuild Remembered Sets 2.515ms
[2023-05-20T16:34:01.070+0530][gc,start    ] GC(5) Pause Cleanup
[2023-05-20T16:34:01.070+0530][gc          ] GC(5) Pause Cleanup 145M->145M(1024M) 0.054ms
[2023-05-20T16:34:01.070+0530][gc,cpu      ] GC(5) User=0.00s Sys=0.00s Real=0.00s
[2023-05-20T16:34:01.071+0530][gc,marking  ] GC(5) Concurrent Cleanup for Next Mark
[2023-05-20T16:34:01.072+0530][gc,marking  ] GC(5) Concurrent Cleanup for Next Mark 1.378ms
[2023-05-20T16:34:01.072+0530][gc          ] GC(5) Concurrent Mark Cycle 9.636ms
[2023-05-20T16:34:01.211+0530][gc,heap,exit] Heap
[2023-05-20T16:34:01.211+0530][gc,heap,exit]  garbage-first heap   total 1048576K, used 156864K [0x00000007c0000000, 0x0000000800000000)
[2023-05-20T16:34:01.211+0530][gc,heap,exit]   region size 1024K, 12 young (12288K), 1 survivors (1024K)
[2023-05-20T16:34:01.211+0530][gc,heap,exit]  Metaspace       used 36522K, committed 36864K, reserved 1114112K
[2023-05-20T16:34:01.211+0530][gc,heap,exit]   class space    used 4401K, committed 4544K, reserved 1048576K
